// Jest Snapshot v1, https://goo.gl/fbAQLP

exports[`Nav component matches snapshot 1`] = `
<DocumentFragment>
  <header>
    <nav
      class="navbar navbar-expand navbar-dark bg-dark"
    >
      <div
        class="container"
      >
        <a
          class="navbar-brand"
          href="/"
        >
          Colin Nebula 
        </a>
        <div
          class="navbar-collapse collapse"
        >
          <div
            class="me-auto navbar-nav"
          >
            <a
              class="nav-link"
              role="button"
              tabindex="0"
            >
               Contact 
            </a>
            <a
              class="nav-link"
              role="button"
              tabindex="0"
            >
               About Me 
            </a>
            <a
              class="nav-link"
              role="button"
              tabindex="0"
            >
               Portfolio 
            </a>
            <a
              class="nav-link"
              role="button"
              tabindex="0"
            >
               Resume 
            </a>
          </div>
        </div>
      </div>
    </nav>
  </header>
</DocumentFragment>
`;

exports[`Navigation component matches snapshot 1`] = `
<DocumentFragment>
  <nav>
    <ul
      class="flex-row"
    >
      <li
        class="mx-2"
      >
        <span>
          About
        </span>
      </li>
      <li
        class="mx-2"
      >
        <span>
          Portfolio
        </span>
      </li>
      <li
        class="mx-2"
      >
        <span>
          Resume
        </span>
      </li>
    </ul>
  </nav>
</DocumentFragment>
`;
